// Jest Snapshot v1, https://jestjs.io/docs/snapshot-testing

exports[`InfrastructureStack matches snapshot 1`] = `
{
  "Outputs": {
    "LoadBalancerDNS": {
      "Description": "ALB DNS name — access MySpot at this URL",
      "Value": {
        "Fn::GetAtt": [
          "ServiceLBE9A1ADBC",
          "DNSName",
        ],
      },
    },
    "ServiceLoadBalancerDNSEC5B149E": {
      "Value": {
        "Fn::GetAtt": [
          "ServiceLBE9A1ADBC",
          "DNSName",
        ],
      },
    },
    "ServiceServiceURL250C0FB6": {
      "Value": {
        "Fn::Join": [
          "",
          [
            "http://",
            {
              "Fn::GetAtt": [
                "ServiceLBE9A1ADBC",
                "DNSName",
              ],
            },
          ],
        ],
      },
    },
  },
  "Parameters": {
    "BootstrapVersion": {
      "Default": "/cdk-bootstrap/hnb659fds/version",
      "Description": "Version of the CDK Bootstrap resources in this environment, automatically retrieved from SSM Parameter Store. [cdk:skip]",
      "Type": "AWS::SSM::Parameter::Value<String>",
    },
  },
  "Resources": {
    "ClusterEB0386A7": {
      "Type": "AWS::ECS::Cluster",
    },
    "Service9571FDD8": {
      "DependsOn": [
        "ServiceLBPublicListenerECSGroup0CC8688C",
        "ServiceLBPublicListener46709EAA",
        "ServiceTaskDefTaskRole0CFE2F57",
      ],
      "Properties": {
        "Cluster": {
          "Ref": "ClusterEB0386A7",
        },
        "DeploymentConfiguration": {
          "Alarms": {
            "AlarmNames": [],
            "Enable": false,
            "Rollback": false,
          },
          "MaximumPercent": 200,
          "MinimumHealthyPercent": 100,
        },
        "DesiredCount": 1,
        "EnableECSManagedTags": false,
        "HealthCheckGracePeriodSeconds": 60,
        "LaunchType": "FARGATE",
        "LoadBalancers": [
          {
            "ContainerName": "web",
            "ContainerPort": 8000,
            "TargetGroupArn": {
              "Ref": "ServiceLBPublicListenerECSGroup0CC8688C",
            },
          },
        ],
        "NetworkConfiguration": {
          "AwsvpcConfiguration": {
            "AssignPublicIp": "ENABLED",
            "SecurityGroups": [
              {
                "Fn::GetAtt": [
                  "ServiceSecurityGroupEEA09B68",
                  "GroupId",
                ],
              },
            ],
            "Subnets": [
              {
                "Ref": "VpcPublicSubnet1Subnet5C2D37C4",
              },
              {
                "Ref": "VpcPublicSubnet2Subnet691E08A3",
              },
            ],
          },
        },
        "TaskDefinition": {
          "Ref": "ServiceTaskDef1922A00F",
        },
      },
      "Type": "AWS::ECS::Service",
    },
    "ServiceLBE9A1ADBC": {
      "DependsOn": [
        "VpcPublicSubnet1DefaultRoute3DA9E72A",
        "VpcPublicSubnet1RouteTableAssociation97140677",
        "VpcPublicSubnet2DefaultRoute97F91067",
        "VpcPublicSubnet2RouteTableAssociationDD5762D8",
      ],
      "Properties": {
        "LoadBalancerAttributes": [
          {
            "Key": "deletion_protection.enabled",
            "Value": "false",
          },
        ],
        "Scheme": "internet-facing",
        "SecurityGroups": [
          {
            "Fn::GetAtt": [
              "ServiceLBSecurityGroupF7435A5C",
              "GroupId",
            ],
          },
        ],
        "Subnets": [
          {
            "Ref": "VpcPublicSubnet1Subnet5C2D37C4",
          },
          {
            "Ref": "VpcPublicSubnet2Subnet691E08A3",
          },
        ],
        "Type": "application",
      },
      "Type": "AWS::ElasticLoadBalancingV2::LoadBalancer",
    },
    "ServiceLBPublicListener46709EAA": {
      "Properties": {
        "DefaultActions": [
          {
            "TargetGroupArn": {
              "Ref": "ServiceLBPublicListenerECSGroup0CC8688C",
            },
            "Type": "forward",
          },
        ],
        "LoadBalancerArn": {
          "Ref": "ServiceLBE9A1ADBC",
        },
        "Port": 80,
        "Protocol": "HTTP",
      },
      "Type": "AWS::ElasticLoadBalancingV2::Listener",
    },
    "ServiceLBPublicListenerECSGroup0CC8688C": {
      "Properties": {
        "HealthCheckPath": "/health",
        "Matcher": {
          "HttpCode": "200",
        },
        "Port": 80,
        "Protocol": "HTTP",
        "TargetGroupAttributes": [
          {
            "Key": "stickiness.enabled",
            "Value": "false",
          },
        ],
        "TargetType": "ip",
        "VpcId": {
          "Ref": "Vpc8378EB38",
        },
      },
      "Type": "AWS::ElasticLoadBalancingV2::TargetGroup",
    },
    "ServiceLBSecurityGroupF7435A5C": {
      "Properties": {
        "GroupDescription": "Automatically created Security Group for ELB TestStackServiceLBD3BB32E9",
        "SecurityGroupIngress": [
          {
            "CidrIp": "0.0.0.0/0",
            "Description": "Allow from anyone on port 80",
            "FromPort": 80,
            "IpProtocol": "tcp",
            "ToPort": 80,
          },
        ],
        "VpcId": {
          "Ref": "Vpc8378EB38",
        },
      },
      "Type": "AWS::EC2::SecurityGroup",
    },
    "ServiceLBSecurityGrouptoTestStackServiceSecurityGroup59159BDD8000F3908AE3": {
      "Properties": {
        "Description": "Load balancer to target",
        "DestinationSecurityGroupId": {
          "Fn::GetAtt": [
            "ServiceSecurityGroupEEA09B68",
            "GroupId",
          ],
        },
        "FromPort": 8000,
        "GroupId": {
          "Fn::GetAtt": [
            "ServiceLBSecurityGroupF7435A5C",
            "GroupId",
          ],
        },
        "IpProtocol": "tcp",
        "ToPort": 8000,
      },
      "Type": "AWS::EC2::SecurityGroupEgress",
    },
    "ServiceSecurityGroupEEA09B68": {
      "DependsOn": [
        "ServiceTaskDefTaskRole0CFE2F57",
      ],
      "Properties": {
        "GroupDescription": "TestStack/Service/Service/SecurityGroup",
        "SecurityGroupEgress": [
          {
            "CidrIp": "0.0.0.0/0",
            "Description": "Allow all outbound traffic by default",
            "IpProtocol": "-1",
          },
        ],
        "VpcId": {
          "Ref": "Vpc8378EB38",
        },
      },
      "Type": "AWS::EC2::SecurityGroup",
    },
    "ServiceSecurityGroupfromTestStackServiceLBSecurityGroup76260E3B8000233ABC92": {
      "DependsOn": [
        "ServiceTaskDefTaskRole0CFE2F57",
      ],
      "Properties": {
        "Description": "Load balancer to target",
        "FromPort": 8000,
        "GroupId": {
          "Fn::GetAtt": [
            "ServiceSecurityGroupEEA09B68",
            "GroupId",
          ],
        },
        "IpProtocol": "tcp",
        "SourceSecurityGroupId": {
          "Fn::GetAtt": [
            "ServiceLBSecurityGroupF7435A5C",
            "GroupId",
          ],
        },
        "ToPort": 8000,
      },
      "Type": "AWS::EC2::SecurityGroupIngress",
    },
    "ServiceTaskDef1922A00F": {
      "Properties": {
        "ContainerDefinitions": [
          {
            "Environment": [
              {
                "Name": "ENVIRONMENT",
                "Value": "production",
              },
              {
                "Name": "DEBUG",
                "Value": "false",
              },
            ],
            "Essential": true,
            "Image": {
              "Fn::Sub": "123456789012.dkr.ecr.eu-west-1.\${AWS::URLSuffix}/cdk-hnb659fds-container-assets-123456789012-eu-west-1:f042894cd41b582990a69184c5bd640399dad995032f4064a12002ddd9134fe0",
            },
            "LogConfiguration": {
              "LogDriver": "awslogs",
              "Options": {
                "awslogs-group": {
                  "Ref": "ServiceTaskDefwebLogGroup2A898F61",
                },
                "awslogs-region": "eu-west-1",
                "awslogs-stream-prefix": "Service",
              },
            },
            "Name": "web",
            "PortMappings": [
              {
                "ContainerPort": 8000,
                "Protocol": "tcp",
              },
            ],
          },
        ],
        "Cpu": "256",
        "ExecutionRoleArn": {
          "Fn::GetAtt": [
            "ServiceTaskDefExecutionRole919F7BE3",
            "Arn",
          ],
        },
        "Family": "TestStackServiceTaskDef2F3DB0C8",
        "Memory": "512",
        "NetworkMode": "awsvpc",
        "RequiresCompatibilities": [
          "FARGATE",
        ],
        "TaskRoleArn": {
          "Fn::GetAtt": [
            "ServiceTaskDefTaskRole0CFE2F57",
            "Arn",
          ],
        },
      },
      "Type": "AWS::ECS::TaskDefinition",
    },
    "ServiceTaskDefExecutionRole919F7BE3": {
      "Properties": {
        "AssumeRolePolicyDocument": {
          "Statement": [
            {
              "Action": "sts:AssumeRole",
              "Effect": "Allow",
              "Principal": {
                "Service": "ecs-tasks.amazonaws.com",
              },
            },
          ],
          "Version": "2012-10-17",
        },
      },
      "Type": "AWS::IAM::Role",
    },
    "ServiceTaskDefExecutionRoleDefaultPolicy3073559D": {
      "Properties": {
        "PolicyDocument": {
          "Statement": [
            {
              "Action": [
                "ecr:BatchCheckLayerAvailability",
                "ecr:GetDownloadUrlForLayer",
                "ecr:BatchGetImage",
              ],
              "Effect": "Allow",
              "Resource": {
                "Fn::Join": [
                  "",
                  [
                    "arn:",
                    {
                      "Ref": "AWS::Partition",
                    },
                    ":ecr:eu-west-1:123456789012:repository/cdk-hnb659fds-container-assets-123456789012-eu-west-1",
                  ],
                ],
              },
            },
            {
              "Action": "ecr:GetAuthorizationToken",
              "Effect": "Allow",
              "Resource": "*",
            },
            {
              "Action": [
                "logs:CreateLogStream",
                "logs:PutLogEvents",
              ],
              "Effect": "Allow",
              "Resource": {
                "Fn::GetAtt": [
                  "ServiceTaskDefwebLogGroup2A898F61",
                  "Arn",
                ],
              },
            },
          ],
          "Version": "2012-10-17",
        },
        "PolicyName": "ServiceTaskDefExecutionRoleDefaultPolicy3073559D",
        "Roles": [
          {
            "Ref": "ServiceTaskDefExecutionRole919F7BE3",
          },
        ],
      },
      "Type": "AWS::IAM::Policy",
    },
    "ServiceTaskDefTaskRole0CFE2F57": {
      "Properties": {
        "AssumeRolePolicyDocument": {
          "Statement": [
            {
              "Action": "sts:AssumeRole",
              "Effect": "Allow",
              "Principal": {
                "Service": "ecs-tasks.amazonaws.com",
              },
            },
          ],
          "Version": "2012-10-17",
        },
      },
      "Type": "AWS::IAM::Role",
    },
    "ServiceTaskDefwebLogGroup2A898F61": {
      "DeletionPolicy": "Retain",
      "Type": "AWS::Logs::LogGroup",
      "UpdateReplacePolicy": "Retain",
    },
    "Vpc8378EB38": {
      "Properties": {
        "CidrBlock": "10.0.0.0/16",
        "EnableDnsHostnames": true,
        "EnableDnsSupport": true,
        "InstanceTenancy": "default",
        "Tags": [
          {
            "Key": "Name",
            "Value": "TestStack/Vpc",
          },
        ],
      },
      "Type": "AWS::EC2::VPC",
    },
    "VpcIGWD7BA715C": {
      "Properties": {
        "Tags": [
          {
            "Key": "Name",
            "Value": "TestStack/Vpc",
          },
        ],
      },
      "Type": "AWS::EC2::InternetGateway",
    },
    "VpcPublicSubnet1DefaultRoute3DA9E72A": {
      "DependsOn": [
        "VpcVPCGWBF912B6E",
      ],
      "Properties": {
        "DestinationCidrBlock": "0.0.0.0/0",
        "GatewayId": {
          "Ref": "VpcIGWD7BA715C",
        },
        "RouteTableId": {
          "Ref": "VpcPublicSubnet1RouteTable6C95E38E",
        },
      },
      "Type": "AWS::EC2::Route",
    },
    "VpcPublicSubnet1RouteTable6C95E38E": {
      "Properties": {
        "Tags": [
          {
            "Key": "Name",
            "Value": "TestStack/Vpc/PublicSubnet1",
          },
        ],
        "VpcId": {
          "Ref": "Vpc8378EB38",
        },
      },
      "Type": "AWS::EC2::RouteTable",
    },
    "VpcPublicSubnet1RouteTableAssociation97140677": {
      "Properties": {
        "RouteTableId": {
          "Ref": "VpcPublicSubnet1RouteTable6C95E38E",
        },
        "SubnetId": {
          "Ref": "VpcPublicSubnet1Subnet5C2D37C4",
        },
      },
      "Type": "AWS::EC2::SubnetRouteTableAssociation",
    },
    "VpcPublicSubnet1Subnet5C2D37C4": {
      "Properties": {
        "AvailabilityZone": "dummy1a",
        "CidrBlock": "10.0.0.0/24",
        "MapPublicIpOnLaunch": true,
        "Tags": [
          {
            "Key": "aws-cdk:subnet-name",
            "Value": "Public",
          },
          {
            "Key": "aws-cdk:subnet-type",
            "Value": "Public",
          },
          {
            "Key": "Name",
            "Value": "TestStack/Vpc/PublicSubnet1",
          },
        ],
        "VpcId": {
          "Ref": "Vpc8378EB38",
        },
      },
      "Type": "AWS::EC2::Subnet",
    },
    "VpcPublicSubnet2DefaultRoute97F91067": {
      "DependsOn": [
        "VpcVPCGWBF912B6E",
      ],
      "Properties": {
        "DestinationCidrBlock": "0.0.0.0/0",
        "GatewayId": {
          "Ref": "VpcIGWD7BA715C",
        },
        "RouteTableId": {
          "Ref": "VpcPublicSubnet2RouteTable94F7E489",
        },
      },
      "Type": "AWS::EC2::Route",
    },
    "VpcPublicSubnet2RouteTable94F7E489": {
      "Properties": {
        "Tags": [
          {
            "Key": "Name",
            "Value": "TestStack/Vpc/PublicSubnet2",
          },
        ],
        "VpcId": {
          "Ref": "Vpc8378EB38",
        },
      },
      "Type": "AWS::EC2::RouteTable",
    },
    "VpcPublicSubnet2RouteTableAssociationDD5762D8": {
      "Properties": {
        "RouteTableId": {
          "Ref": "VpcPublicSubnet2RouteTable94F7E489",
        },
        "SubnetId": {
          "Ref": "VpcPublicSubnet2Subnet691E08A3",
        },
      },
      "Type": "AWS::EC2::SubnetRouteTableAssociation",
    },
    "VpcPublicSubnet2Subnet691E08A3": {
      "Properties": {
        "AvailabilityZone": "dummy1b",
        "CidrBlock": "10.0.1.0/24",
        "MapPublicIpOnLaunch": true,
        "Tags": [
          {
            "Key": "aws-cdk:subnet-name",
            "Value": "Public",
          },
          {
            "Key": "aws-cdk:subnet-type",
            "Value": "Public",
          },
          {
            "Key": "Name",
            "Value": "TestStack/Vpc/PublicSubnet2",
          },
        ],
        "VpcId": {
          "Ref": "Vpc8378EB38",
        },
      },
      "Type": "AWS::EC2::Subnet",
    },
    "VpcVPCGWBF912B6E": {
      "Properties": {
        "InternetGatewayId": {
          "Ref": "VpcIGWD7BA715C",
        },
        "VpcId": {
          "Ref": "Vpc8378EB38",
        },
      },
      "Type": "AWS::EC2::VPCGatewayAttachment",
    },
  },
  "Rules": {
    "CheckBootstrapVersion": {
      "Assertions": [
        {
          "Assert": {
            "Fn::Not": [
              {
                "Fn::Contains": [
                  [
                    "1",
                    "2",
                    "3",
                    "4",
                    "5",
                  ],
                  {
                    "Ref": "BootstrapVersion",
                  },
                ],
              },
            ],
          },
          "AssertDescription": "CDK bootstrap stack version 6 required. Please run 'cdk bootstrap' with a recent version of the CDK CLI.",
        },
      ],
    },
  },
}
`;
